RETURN_CODE:0
STDOUT:01 02 04 05 11 12 14 15 21 22 24 25 
