RETURN_CODE:1
STDOUT:[1;31mERROR: [0munexpected token 'return', expected ';' token.
